../Core/Src/main.c:74:5:__io_putchar	24	static
../Core/Src/main.c:82:6:max30102_plot	16	static
../Core/Src/main.c:89:6:dec_to_str	16	static
../Core/Src/main.c:93:5:checkForBeat	16	static
../Core/Src/main.c:105:5:main	104	static
../Core/Src/main.c:230:6:SystemClock_Config	72	static
../Core/Src/main.c:270:13:MX_I2C2_Init	8	static
../Core/Src/main.c:304:13:MX_USART1_UART_Init	8	static
../Core/Src/main.c:337:13:MX_GPIO_Init	48	static
../Core/Src/main.c:390:13:MX_FSMC_Init	40	static
../Core/Src/main.c:454:6:Error_Handler	4	static,ignoring_inline_asm
