../Core/Src/main.c:70:5:__io_putchar	24	static
../Core/Src/main.c:77:6:dec_to_str	16	static
../Core/Src/main.c:81:6:microDelay	16	static
../Core/Src/main.c:87:6:stepMotor	80	static
../Core/Src/main.c:116:5:main	24	static
../Core/Src/main.c:175:6:SystemClock_Config	72	static
../Core/Src/main.c:215:13:MX_I2C2_Init	8	static
../Core/Src/main.c:249:13:MX_TIM1_Init	32	static
../Core/Src/main.c:295:13:MX_USART1_UART_Init	8	static
../Core/Src/main.c:328:13:MX_GPIO_Init	48	static
../Core/Src/main.c:391:13:MX_FSMC_Init	40	static
../Core/Src/main.c:455:6:Error_Handler	4	static,ignoring_inline_asm
