../Core/Src/max30102_for_stm32_hal.c:15:13:max30102_plot	16	static
../Core/Src/max30102_for_stm32_hal.c:27:6:max30102_init	16	static
../Core/Src/max30102_for_stm32_hal.c:43:6:max30102_write	40	static
../Core/Src/max30102_for_stm32_hal.c:61:6:max30102_read	40	static
../Core/Src/max30102_for_stm32_hal.c:73:6:max30102_reset	24	static
../Core/Src/max30102_for_stm32_hal.c:85:6:max30102_set_a_full	24	static
../Core/Src/max30102_for_stm32_hal.c:100:6:max30102_set_ppg_rdy	24	static
../Core/Src/max30102_for_stm32_hal.c:115:6:max30102_set_alc_ovf	24	static
../Core/Src/max30102_for_stm32_hal.c:130:6:max30102_set_die_temp_rdy	24	static
../Core/Src/max30102_for_stm32_hal.c:142:6:max30102_set_die_temp_en	24	static
../Core/Src/max30102_for_stm32_hal.c:153:6:max30102_on_interrupt	16	static
../Core/Src/max30102_for_stm32_hal.c:164:9:max30102_has_interrupt	16	static
../Core/Src/max30102_for_stm32_hal.c:174:6:max30102_interrupt_handler	24	static
../Core/Src/max30102_for_stm32_hal.c:215:6:max30102_shutdown	24	static
../Core/Src/max30102_for_stm32_hal.c:229:6:max30102_set_mode	24	static
../Core/Src/max30102_for_stm32_hal.c:244:6:max30102_set_sampling_rate	24	static
../Core/Src/max30102_for_stm32_hal.c:258:6:max30102_set_led_pulse_width	24	static
../Core/Src/max30102_for_stm32_hal.c:272:6:max30102_set_adc_resolution	24	static
../Core/Src/max30102_for_stm32_hal.c:286:6:max30102_set_led_current_1	24	static
../Core/Src/max30102_for_stm32_hal.c:298:6:max30102_set_led_current_2	24	static
../Core/Src/max30102_for_stm32_hal.c:311:6:max30102_set_multi_led_slot_1_2	24	static
../Core/Src/max30102_for_stm32_hal.c:325:6:max30102_set_multi_led_slot_3_4	24	static
../Core/Src/max30102_for_stm32_hal.c:340:6:max30102_set_fifo_config	24	static
../Core/Src/max30102_for_stm32_hal.c:354:6:max30102_clear_fifo	24	static
../Core/Src/max30102_for_stm32_hal.c:367:6:max30102_read_fifo	40	static
../Core/Src/max30102_for_stm32_hal.c:403:6:max30102_read_temp	24	static
