../Core/Src/stm32f1xx_hal_msp.c:63:6:HAL_MspInit	24	static
../Core/Src/stm32f1xx_hal_msp.c:89:6:HAL_I2C_MspInit	40	static
../Core/Src/stm32f1xx_hal_msp.c:123:6:HAL_I2C_MspDeInit	16	static
../Core/Src/stm32f1xx_hal_msp.c:154:6:HAL_UART_MspInit	40	static
../Core/Src/stm32f1xx_hal_msp.c:193:6:HAL_UART_MspDeInit	16	static
../Core/Src/stm32f1xx_hal_msp.c:218:13:HAL_FSMC_MspInit	32	static
../Core/Src/stm32f1xx_hal_msp.c:272:6:HAL_SRAM_MspInit	16	static
../Core/Src/stm32f1xx_hal_msp.c:284:13:HAL_FSMC_MspDeInit	8	static
../Core/Src/stm32f1xx_hal_msp.c:330:6:HAL_SRAM_MspDeInit	16	static
