../Core/Src/stm32f1xx_hal_msp.c:63:6:HAL_MspInit	24	static
../Core/Src/stm32f1xx_hal_msp.c:89:6:HAL_I2C_MspInit	40	static
../Core/Src/stm32f1xx_hal_msp.c:123:6:HAL_I2C_MspDeInit	16	static
../Core/Src/stm32f1xx_hal_msp.c:154:6:HAL_TIM_Base_MspInit	24	static
../Core/Src/stm32f1xx_hal_msp.c:176:6:HAL_TIM_Base_MspDeInit	16	static
../Core/Src/stm32f1xx_hal_msp.c:198:6:HAL_UART_MspInit	40	static
../Core/Src/stm32f1xx_hal_msp.c:237:6:HAL_UART_MspDeInit	16	static
../Core/Src/stm32f1xx_hal_msp.c:262:13:HAL_FSMC_MspInit	32	static
../Core/Src/stm32f1xx_hal_msp.c:316:6:HAL_SRAM_MspInit	16	static
../Core/Src/stm32f1xx_hal_msp.c:328:13:HAL_FSMC_MspDeInit	8	static
../Core/Src/stm32f1xx_hal_msp.c:374:6:HAL_SRAM_MspDeInit	16	static
