../Core/Src/stm32f1xx_it.cpp:69:6:void NMI_Handler()	4	static
../Core/Src/stm32f1xx_it.cpp:84:6:void HardFault_Handler()	4	static
../Core/Src/stm32f1xx_it.cpp:99:6:void MemManage_Handler()	4	static
../Core/Src/stm32f1xx_it.cpp:114:6:void BusFault_Handler()	4	static
../Core/Src/stm32f1xx_it.cpp:129:6:void UsageFault_Handler()	4	static
../Core/Src/stm32f1xx_it.cpp:144:6:void SVC_Handler()	4	static
../Core/Src/stm32f1xx_it.cpp:157:6:void DebugMon_Handler()	4	static
../Core/Src/stm32f1xx_it.cpp:170:6:void PendSV_Handler()	4	static
../Core/Src/stm32f1xx_it.cpp:183:6:void SysTick_Handler()	8	static
../Core/Src/stm32f1xx_it.cpp:204:6:void EXTI3_IRQHandler()	16	static
../Core/Src/stm32f1xx_it.cpp:224:6:void EXTI15_10_IRQHandler()	16	static
../Core/Src/stm32f1xx_it.cpp:239:1:void __static_initialization_and_destruction_0(int, int)	16	static
../Core/Src/stm32f1xx_it.cpp:239:1:cpp)	8	static
